listOfItems:
  - thirdItem
  - fourthItem
block:
  aKey: aValue
testHas: 123